mode: set
github.com/nottechdm/notnet/example/main.go:10.13,19.69 5 0
github.com/nottechdm/notnet/example/main.go:19.69,21.3 1 0
github.com/nottechdm/notnet/example/main.go:23.2,23.73 1 0
github.com/nottechdm/notnet/example/main.go:23.73,25.3 1 0
github.com/nottechdm/notnet/example/main.go:28.2,28.78 1 0
github.com/nottechdm/notnet/example/main.go:28.78,31.3 2 0
github.com/nottechdm/notnet/example/main.go:33.2,33.99 1 0
github.com/nottechdm/notnet/example/main.go:33.99,40.3 3 0
github.com/nottechdm/notnet/example/main.go:43.2,43.78 1 0
github.com/nottechdm/notnet/example/main.go:43.78,45.48 2 0
github.com/nottechdm/notnet/example/main.go:45.48,47.4 1 0
github.com/nottechdm/notnet/example/main.go:48.3,49.32 2 0
github.com/nottechdm/notnet/example/main.go:53.2,53.75 1 0
github.com/nottechdm/notnet/example/main.go:53.75,55.14 2 0
github.com/nottechdm/notnet/example/main.go:55.14,57.4 1 0
github.com/nottechdm/notnet/example/main.go:58.3,58.54 1 0
github.com/nottechdm/notnet/example/main.go:62.2,62.75 1 0
github.com/nottechdm/notnet/example/main.go:62.75,69.3 3 0
github.com/nottechdm/notnet/example/main.go:72.2,73.75 2 0
github.com/nottechdm/notnet/example/main.go:73.75,75.3 1 0
github.com/nottechdm/notnet/example/main.go:77.2,77.79 1 0
github.com/nottechdm/notnet/example/main.go:77.79,79.3 1 0
github.com/nottechdm/notnet/example/main.go:81.2,81.84 1 0
github.com/nottechdm/notnet/example/main.go:81.84,84.3 2 0
github.com/nottechdm/notnet/example/main.go:87.2,87.72 1 0
github.com/nottechdm/notnet/example/main.go:87.72,89.3 1 0
github.com/nottechdm/notnet/example/main.go:91.2,91.72 1 0
github.com/nottechdm/notnet/example/main.go:91.72,93.3 1 0
github.com/nottechdm/notnet/example/main.go:96.2,96.73 1 0
github.com/nottechdm/notnet/example/main.go:96.73,98.3 1 0
github.com/nottechdm/notnet/example/main.go:101.2,101.81 1 0
github.com/nottechdm/notnet/example/main.go:101.81,104.3 2 0
github.com/nottechdm/notnet/example/main.go:107.2,107.73 1 0
github.com/nottechdm/notnet/example/main.go:107.73,112.3 1 0
github.com/nottechdm/notnet/example/main.go:115.2,116.44 2 0
github.com/nottechdm/notnet/example/main.go:116.44,118.3 1 0
github.com/nottechdm/notnet/pkg/notnet/middleware.go:12.29,13.49 1 1
github.com/nottechdm/notnet/pkg/notnet/middleware.go:13.49,14.16 1 1
github.com/nottechdm/notnet/pkg/notnet/middleware.go:14.16,16.36 1 1
github.com/nottechdm/notnet/pkg/notnet/middleware.go:16.36,20.5 2 1
github.com/nottechdm/notnet/pkg/notnet/middleware.go:23.3,23.20 1 1
github.com/nottechdm/notnet/pkg/notnet/middleware.go:31.27,32.49 1 1
github.com/nottechdm/notnet/pkg/notnet/middleware.go:32.49,39.3 5 1
github.com/nottechdm/notnet/pkg/notnet/middleware.go:45.33,46.49 1 1
github.com/nottechdm/notnet/pkg/notnet/middleware.go:46.49,48.18 2 1
github.com/nottechdm/notnet/pkg/notnet/middleware.go:48.18,52.4 2 1
github.com/nottechdm/notnet/pkg/notnet/middleware.go:53.3,53.20 1 1
github.com/nottechdm/notnet/pkg/notnet/middleware.go:72.43,73.19 1 1
github.com/nottechdm/notnet/pkg/notnet/middleware.go:73.19,80.3 1 1
github.com/nottechdm/notnet/pkg/notnet/middleware.go:83.2,83.32 1 1
github.com/nottechdm/notnet/pkg/notnet/middleware.go:83.32,85.3 1 1
github.com/nottechdm/notnet/pkg/notnet/middleware.go:86.2,86.32 1 1
github.com/nottechdm/notnet/pkg/notnet/middleware.go:86.32,88.3 1 1
github.com/nottechdm/notnet/pkg/notnet/middleware.go:89.2,89.32 1 1
github.com/nottechdm/notnet/pkg/notnet/middleware.go:89.32,91.3 1 0
github.com/nottechdm/notnet/pkg/notnet/middleware.go:93.2,93.49 1 1
github.com/nottechdm/notnet/pkg/notnet/middleware.go:93.49,98.34 4 1
github.com/nottechdm/notnet/pkg/notnet/middleware.go:98.34,99.43 1 1
github.com/nottechdm/notnet/pkg/notnet/middleware.go:99.43,102.5 1 1
github.com/nottechdm/notnet/pkg/notnet/middleware.go:105.3,105.32 1 1
github.com/nottechdm/notnet/pkg/notnet/middleware.go:105.32,108.4 1 1
github.com/nottechdm/notnet/pkg/notnet/middleware.go:110.3,110.20 1 1
github.com/nottechdm/notnet/pkg/notnet/middleware.go:118.67,128.49 3 1
github.com/nottechdm/notnet/pkg/notnet/middleware.go:128.49,133.36 4 1
github.com/nottechdm/notnet/pkg/notnet/middleware.go:133.36,135.4 1 1
github.com/nottechdm/notnet/pkg/notnet/middleware.go:135.9,137.29 2 1
github.com/nottechdm/notnet/pkg/notnet/middleware.go:137.29,139.5 1 1
github.com/nottechdm/notnet/pkg/notnet/middleware.go:142.3,142.20 1 1
github.com/nottechdm/notnet/pkg/notnet/middleware.go:150.47,151.49 1 1
github.com/nottechdm/notnet/pkg/notnet/middleware.go:151.49,153.15 2 1
github.com/nottechdm/notnet/pkg/notnet/middleware.go:153.15,155.4 1 1
github.com/nottechdm/notnet/pkg/notnet/middleware.go:156.3,157.20 2 1
github.com/nottechdm/notnet/pkg/notnet/notnet.go:67.38,78.17 2 1
github.com/nottechdm/notnet/pkg/notnet/notnet.go:78.17,79.30 1 1
github.com/nottechdm/notnet/pkg/notnet/notnet.go:79.30,81.4 1 1
github.com/nottechdm/notnet/pkg/notnet/notnet.go:82.3,82.27 1 1
github.com/nottechdm/notnet/pkg/notnet/notnet.go:82.27,84.4 1 1
github.com/nottechdm/notnet/pkg/notnet/notnet.go:85.3,85.28 1 1
github.com/nottechdm/notnet/pkg/notnet/notnet.go:85.28,87.4 1 1
github.com/nottechdm/notnet/pkg/notnet/notnet.go:88.3,88.27 1 1
github.com/nottechdm/notnet/pkg/notnet/notnet.go:88.27,90.4 1 1
github.com/nottechdm/notnet/pkg/notnet/notnet.go:91.3,91.28 1 1
github.com/nottechdm/notnet/pkg/notnet/notnet.go:91.28,93.4 1 0
github.com/nottechdm/notnet/pkg/notnet/notnet.go:94.3,94.31 1 1
github.com/nottechdm/notnet/pkg/notnet/notnet.go:94.31,96.4 1 0
github.com/nottechdm/notnet/pkg/notnet/notnet.go:97.3,97.28 1 1
github.com/nottechdm/notnet/pkg/notnet/notnet.go:97.28,99.4 1 0
github.com/nottechdm/notnet/pkg/notnet/notnet.go:103.2,107.10 4 1
github.com/nottechdm/notnet/pkg/notnet/notnet.go:112.55,115.2 2 1
github.com/nottechdm/notnet/pkg/notnet/notnet.go:120.64,123.2 2 1
github.com/nottechdm/notnet/pkg/notnet/notnet.go:128.65,131.2 2 1
github.com/nottechdm/notnet/pkg/notnet/notnet.go:136.64,139.2 2 1
github.com/nottechdm/notnet/pkg/notnet/notnet.go:144.67,147.2 2 1
github.com/nottechdm/notnet/pkg/notnet/notnet.go:152.66,155.2 2 1
github.com/nottechdm/notnet/pkg/notnet/notnet.go:160.68,163.2 2 1
github.com/nottechdm/notnet/pkg/notnet/notnet.go:168.65,171.2 2 1
github.com/nottechdm/notnet/pkg/notnet/notnet.go:176.69,182.2 1 1
github.com/nottechdm/notnet/pkg/notnet/notnet.go:187.62,190.2 2 1
github.com/nottechdm/notnet/pkg/notnet/notnet.go:195.68,198.2 2 1
github.com/nottechdm/notnet/pkg/notnet/notnet.go:203.62,206.2 2 1
github.com/nottechdm/notnet/pkg/notnet/notnet.go:213.44,231.2 2 0
github.com/nottechdm/notnet/pkg/notnet/notnet.go:237.73,252.2 2 0
github.com/nottechdm/notnet/pkg/notnet/notnet.go:258.62,271.2 2 0
github.com/nottechdm/notnet/pkg/notnet/notnet.go:277.35,278.18 1 1
github.com/nottechdm/notnet/pkg/notnet/notnet.go:278.18,281.3 1 0
github.com/nottechdm/notnet/pkg/notnet/notnet.go:282.2,282.12 1 1
github.com/nottechdm/notnet/pkg/notnet/notnet.go:292.68,296.15 3 1
github.com/nottechdm/notnet/pkg/notnet/notnet.go:296.15,297.35 1 1
github.com/nottechdm/notnet/pkg/notnet/notnet.go:297.35,299.4 1 1
github.com/nottechdm/notnet/pkg/notnet/notnet.go:303.2,304.12 2 1
github.com/nottechdm/notnet/pkg/notnet/notnet.go:304.12,307.3 2 1
github.com/nottechdm/notnet/pkg/notnet/notnet.go:309.2,320.35 7 1
github.com/nottechdm/notnet/pkg/notnet/notnet.go:320.35,322.3 1 1
github.com/nottechdm/notnet/pkg/notnet/notnet.go:326.78,328.51 2 1
github.com/nottechdm/notnet/pkg/notnet/notnet.go:328.51,330.3 1 0
github.com/nottechdm/notnet/pkg/notnet/notnet.go:331.2,333.4 1 1
github.com/nottechdm/notnet/pkg/notnet/notnet.go:337.70,341.2 1 1
github.com/nottechdm/notnet/pkg/notnet/notnet.go:344.84,349.2 2 1
github.com/nottechdm/notnet/pkg/notnet/notnet.go:367.53,370.2 2 1
github.com/nottechdm/notnet/pkg/notnet/notnet.go:373.62,378.2 4 1
github.com/nottechdm/notnet/pkg/notnet/notnet.go:381.63,386.2 4 1
github.com/nottechdm/notnet/pkg/notnet/notnet.go:389.62,394.2 4 1
github.com/nottechdm/notnet/pkg/notnet/notnet.go:397.65,402.2 4 1
github.com/nottechdm/notnet/pkg/notnet/notnet.go:405.64,410.2 4 1
github.com/nottechdm/notnet/pkg/notnet/notnet.go:413.62,414.49 1 1
github.com/nottechdm/notnet/pkg/notnet/notnet.go:414.49,434.3 11 1
github.com/nottechdm/notnet/pkg/notnet/reqandresp.go:33.44,35.2 1 1
github.com/nottechdm/notnet/pkg/notnet/reqandresp.go:38.44,40.2 1 1
github.com/nottechdm/notnet/pkg/notnet/reqandresp.go:43.32,45.31 2 1
github.com/nottechdm/notnet/pkg/notnet/reqandresp.go:45.31,47.3 1 1
github.com/nottechdm/notnet/pkg/notnet/reqandresp.go:48.2,48.12 1 1
github.com/nottechdm/notnet/pkg/notnet/reqandresp.go:52.47,55.2 2 1
github.com/nottechdm/notnet/pkg/notnet/reqandresp.go:58.53,61.16 3 1
github.com/nottechdm/notnet/pkg/notnet/reqandresp.go:61.16,64.3 2 1
github.com/nottechdm/notnet/pkg/notnet/reqandresp.go:65.2,65.12 1 1
github.com/nottechdm/notnet/pkg/notnet/reqandresp.go:69.59,73.2 3 1
github.com/nottechdm/notnet/pkg/notnet/reqandresp.go:76.49,78.2 1 1
github.com/nottechdm/notnet/pkg/notnet/reqandresp.go:81.54,86.2 4 1
github.com/nottechdm/notnet/pkg/notnet/reqandresp.go:89.75,94.2 4 1
github.com/nottechdm/notnet/pkg/notnet/reqandresp.go:97.48,100.2 2 0
github.com/nottechdm/notnet/pkg/notnet/reqandresp.go:103.57,106.2 2 1
github.com/nottechdm/notnet/pkg/notnet/reqandresp.go:109.45,111.2 1 1
github.com/nottechdm/notnet/pkg/notnet/reqandresp.go:114.59,117.2 2 1
github.com/nottechdm/notnet/pkg/notnet/reqandresp.go:120.35,122.2 1 1
github.com/nottechdm/notnet/pkg/notnet/reqandresp.go:125.33,127.2 1 1
github.com/nottechdm/notnet/pkg/notnet/reqandresp.go:130.32,132.2 1 1
github.com/nottechdm/notnet/pkg/notnet/reqandresp.go:135.39,137.2 1 1
github.com/nottechdm/notnet/pkg/notnet/reqandresp.go:141.26,145.3 1 1
github.com/nottechdm/notnet/pkg/notnet/reqandresp.go:150.26,152.3 1 1
github.com/nottechdm/notnet/pkg/notnet/reqandresp.go:156.91,168.2 8 1
github.com/nottechdm/notnet/pkg/notnet/reqandresp.go:171.58,182.2 9 1
github.com/nottechdm/notnet/pkg/notnet/router.go:31.26,35.2 1 1
github.com/nottechdm/notnet/pkg/notnet/router.go:38.69,41.24 2 1
github.com/nottechdm/notnet/pkg/notnet/router.go:41.24,48.3 1 1
github.com/nottechdm/notnet/pkg/notnet/router.go:48.8,50.3 1 1
github.com/nottechdm/notnet/pkg/notnet/router.go:54.79,59.56 3 1
github.com/nottechdm/notnet/pkg/notnet/router.go:59.56,61.3 1 1
github.com/nottechdm/notnet/pkg/notnet/router.go:64.2,64.30 1 1
github.com/nottechdm/notnet/pkg/notnet/router.go:64.30,65.28 1 1
github.com/nottechdm/notnet/pkg/notnet/router.go:65.28,66.12 1 1
github.com/nottechdm/notnet/pkg/notnet/router.go:69.3,69.56 1 1
github.com/nottechdm/notnet/pkg/notnet/router.go:69.56,71.27 2 1
github.com/nottechdm/notnet/pkg/notnet/router.go:71.27,73.5 1 1
github.com/nottechdm/notnet/pkg/notnet/router.go:77.2,77.24 1 1
github.com/nottechdm/notnet/pkg/notnet/router.go:81.64,87.34 4 1
github.com/nottechdm/notnet/pkg/notnet/router.go:87.34,89.3 1 1
github.com/nottechdm/notnet/pkg/notnet/router.go:91.2,91.29 1 1
github.com/nottechdm/notnet/pkg/notnet/router.go:91.29,92.35 1 1
github.com/nottechdm/notnet/pkg/notnet/router.go:92.35,96.4 2 1
github.com/nottechdm/notnet/pkg/notnet/router.go:96.9,96.34 1 1
github.com/nottechdm/notnet/pkg/notnet/router.go:96.34,99.4 1 1
github.com/nottechdm/notnet/pkg/notnet/router.go:102.2,102.21 1 1
